// Jest Snapshot v1, https://goo.gl/fbAQLP

exports[`Render Build Library Snapshot 1`] = `
<div
  className="sc-gsTCUz cPxDYL"
>
  <div
    className="sc-dlfnbm dGGpWF"
  >
    <div
      className="sc-pFZIQ kjqngW"
    >
      <div
        className="sc-jrAGrp kIRmHG"
      >
        Procurar um livro:
      </div>
      <input
        className="sc-eCssSg hyIYus"
      />
    </div>
    <h1
      className="sc-gKsewC eGosPT"
    >
      Lista dos Livros:
    </h1>
    <div
      className="sc-jSgupP gWEozG"
    >
      <div
        className="sc-iBPRYJ btEyMr"
      >
        <div
          className="sc-fubCfw lgSSLD"
        >
          Livro 1
        </div>
        <button
          className="sc-hKgILt jEJLIv"
        >
          Adicionar
        </button>
      </div>
      <div
        className="sc-iBPRYJ btEyMr"
      >
        <div
          className="sc-fubCfw lgSSLD"
        >
          Livro 1
        </div>
        <button
          className="sc-hKgILt jEJLIv"
        >
          Adicionar
        </button>
      </div>
      <div
        className="sc-iBPRYJ btEyMr"
      >
        <div
          className="sc-fubCfw lgSSLD"
        >
          Livro 1
        </div>
        <button
          className="sc-hKgILt jEJLIv"
        >
          Adicionar
        </button>
      </div>
    </div>
  </div>
</div>
`;
