// Jest Snapshot v1, https://goo.gl/fbAQLP

exports[`Render Build Library Snapshot 1`] = `
<div
  className="sc-dlfnbm ilYjbH"
>
  <div
    className="sc-pFZIQ hgnMVo"
  >
    <div
      className="sc-gsTCUz idZjRl"
    >
      Logo
    </div>
    <button
      className="sc-jrAGrp ewrlna"
    >
      <img
        alt="cart"
        className="sc-kEjbxe ipVbvI"
        src="cart.svg"
      />
    </button>
  </div>
  <div
    className="sc-gsTCUz idZjRl"
  >
    <div
      className="sc-iqHYGH gCNgvR"
    >
      <select
        className="sc-eCssSg eIImtb"
      >
        <option>
          Selecione aqui uma categoria
        </option>
        <option
          value={0}
        >
          Bebidas
        </option>
        <option
          value={1}
        >
          Doces
        </option>
        <option
          value={2}
        >
          Salgados
        </option>
      </select>
    </div>
    <h1
      className="sc-gKsewC dwpIFf"
    >
      Lista de Produtos:
    </h1>
    <div
      className="sc-jSgupP"
    >
      <div
        className="sc-iBPRYJ jKwjWG"
      >
        <div
          className="sc-fubCfw habNmX"
        >
          Coca-cola lata
        </div>
        <button
          className="sc-hKgILt eJBjfS"
        >
          Adicionar ao carrinho
        </button>
      </div>
      <div
        className="sc-iBPRYJ jKwjWG"
      >
        <div
          className="sc-fubCfw habNmX"
        >
          Fanta lata
        </div>
        <button
          className="sc-hKgILt eJBjfS"
        >
          Adicionar ao carrinho
        </button>
      </div>
    </div>
  </div>
</div>
`;
