// Jest Snapshot v1, https://goo.gl/fbAQLP

exports[`Render Build SearchBar Snapshot 1`] = `
<div
  className="sc-jSgupP klkxGs"
>
  <select
    className="sc-eCssSg eIImtb"
  >
    <option>
      Selecione aqui uma categoria
    </option>
    <option
      value={0}
    >
      Bebidas
    </option>
    <option
      value={1}
    >
      Doces
    </option>
    <option
      value={2}
    >
      Salgados
    </option>
  </select>
</div>
`;
