// Jest Snapshot v1, https://goo.gl/fbAQLP

exports[`Render Build App Snapshot 1`] = `
<div
  className="sc-bdfBwQ bSOyzL"
>
  <div
    className="sc-dlfnbm ilYjbH"
  >
    <div
      className="sc-dQppl fDjIcV"
    >
      <div
        className="sc-gsTCUz idZjRl"
      >
        Logo
      </div>
      <a
        className="sc-fodVxV CzwGE"
        href="#/checkout"
        onClick={[Function]}
      >
        <img
          alt="cart"
          className="sc-fFubgz eAWJbd"
          src="cart.svg"
        />
      </a>
    </div>
    <div
      className="sc-gsTCUz idZjRl"
    >
      <div
        className="sc-dmlrTW jRTMmn"
      >
        <select
          className="sc-eCssSg eIImtb"
          onChange={[Function]}
        >
          <option
            value={-1}
          >
            Selecione aqui uma categoria
          </option>
          <option
            value={0}
          >
            Bebidas
          </option>
          <option
            value={1}
          >
            Doces
          </option>
          <option
            value={2}
          >
            Salgados
          </option>
        </select>
      </div>
      <h1
        className="sc-idOhPF LpcRh"
      >
        Lista de Produtos:
      </h1>
      <div
        className="sc-bkzZxe"
      >
        <div
          className="sc-dIUggk eALwpl"
          hidden={true}
        >
          <div
            className="sc-hHftDr fTMsvB"
          >
            Coca-cola lata 350ml
          </div>
          <button
            className="sc-hKgILt jOWpHX"
            onClick={[Function]}
          >
            Adicionar ao carrinho
          </button>
        </div>
        <div
          className="sc-dIUggk eALwpl"
          hidden={true}
        >
          <div
            className="sc-hHftDr fTMsvB"
          >
            Fanta lata 350ml
          </div>
          <button
            className="sc-hKgILt jOWpHX"
            onClick={[Function]}
          >
            Adicionar ao carrinho
          </button>
        </div>
        <div
          className="sc-dIUggk eALwpl"
          hidden={true}
        >
          <div
            className="sc-hHftDr fTMsvB"
          >
            Bolinho Ana maria
          </div>
          <button
            className="sc-hKgILt jOWpHX"
            onClick={[Function]}
          >
            Adicionar ao carrinho
          </button>
        </div>
        <div
          className="sc-dIUggk eALwpl"
          hidden={true}
        >
          <div
            className="sc-hHftDr fTMsvB"
          >
            Ruffes Pequeno 350g
          </div>
          <button
            className="sc-hKgILt jOWpHX"
            onClick={[Function]}
          >
            Adicionar ao carrinho
          </button>
        </div>
      </div>
    </div>
  </div>
</div>
`;
